// Jest Snapshot v1, https://goo.gl/fbAQLP

exports[`should serialize a complex schema 1`] = `
Object {
  "properties": Object {
    "arr": Object {
      "items": Object {
        "required": true,
        "type": "string",
      },
      "required": true,
      "type": "array",
    },
    "item": Object {
      "required": true,
      "type": "string",
    },
    "kekity": Object {
      "oneOf": Array [
        Object {
          "enum": Array [
            "kek",
          ],
          "required": true,
          "type": "string",
        },
        Object {
          "enum": Array [
            "topkek",
          ],
          "required": true,
          "type": "string",
        },
      ],
      "required": true,
    },
    "obj": Object {
      "properties": Object {
        "uuid": Object {
          "required": true,
          "type": "string",
        },
      },
      "required": true,
      "type": "object",
    },
    "price": Object {
      "required": true,
      "type": "number",
    },
    "testTuple": Object {
      "items": Object {
        "oneOf": Array [
          Object {
            "required": true,
            "type": "string",
          },
          Object {
            "properties": Object {
              "name": Object {
                "enum": Array [
                  "Rudy",
                ],
                "required": true,
                "type": "string",
              },
            },
            "required": true,
            "type": "object",
          },
          Object {
            "items": Object {
              "oneOf": Array [
                Object {
                  "enum": Array [
                    "blue",
                  ],
                  "required": true,
                  "type": "string",
                },
                Object {
                  "enum": Array [
                    "red",
                  ],
                  "required": true,
                  "type": "string",
                },
              ],
              "required": true,
            },
            "required": true,
            "type": "array",
          },
        ],
      },
      "maxItems": 3,
      "minItems": 3,
      "required": true,
      "type": "array",
    },
    "type": Object {
      "enum": Array [
        "buy-it-now",
        "auctions",
      ],
      "required": false,
      "type": "string",
    },
  },
  "required": true,
  "type": "object",
}
`;
